Analysis & Synthesis report for TermProject
Tue Sep 22 20:23:00 2026
Quartus Prime Version 25.1std.0 Build 1129 10/21/2025 SC Lite Edition


---------------------
; Table of Contents ;
---------------------
  1. Legal Notice
  2. Analysis & Synthesis Summary
  3. Analysis & Synthesis Settings
  4. Parallel Compilation
  5. Analysis & Synthesis Source Files Read
  6. Analysis & Synthesis Resource Usage Summary
  7. Analysis & Synthesis Resource Utilization by Entity
  8. Registers Removed During Synthesis
  9. General Register Statistics
 10. Multiplexer Restructuring Statistics (Restructuring Performed)
 11. Parameter Settings for User Entity Instance: CU:CU_inst
 12. Parameter Settings for User Entity Instance: IU:IU_inst|keypad_input:keypad_input
 13. Parameter Settings for User Entity Instance: IU:IU_inst|keypad_input:keypad_input|keypad_base:keypad_base|clock_div:keypad_clock_divider
 14. Parameter Settings for User Entity Instance: IU:IU_inst|keypad_input:keypad_input|keypad_base:keypad_base|keypad_decoder:keypad_key_decoder
 15. Parameter Settings for User Entity Instance: IU:IU_inst|keypad_input:keypad_input|shift_reg:shift_reg
 16. Parameter Settings for User Entity Instance: IU:IU_inst|BCD2BinarySM:BCD2BinarySM
 17. Parameter Settings for User Entity Instance: IU:IU_inst|SignToTwo:SignToTwo
 18. Parameter Settings for User Entity Instance: AU8:AU8_inst|NBitRegister:RegA
 19. Parameter Settings for User Entity Instance: AU8:AU8_inst|NBitRegister:RegB
 20. Parameter Settings for User Entity Instance: AU8:AU8_inst|NBitRegister:RegR
 21. Parameter Settings for User Entity Instance: AU8:AU8_inst|NBitRegister:RegCC
 22. Parameter Settings for User Entity Instance: OU:OU_inst|TwoSign:TwoSign_inst
 23. Parameter Settings for Inferred Entity Instance: IU:IU_inst|BCD2BinarySM:BCD2BinarySM|lpm_mult:Mult0
 24. lpm_mult Parameter Settings by Entity Instance
 25. Port Connectivity Checks: "OU:OU_inst|bcd2seven:seg_hund"
 26. Port Connectivity Checks: "OU:OU_inst|binary2bcd:binary2bcd_inst|add3:m6"
 27. Port Connectivity Checks: "OU:OU_inst|binary2bcd:binary2bcd_inst|add3:m1"
 28. Port Connectivity Checks: "OU:OU_inst|TwoSign:TwoSign_inst|halfADDER:twosFor[7].halfADDER_inst1"
 29. Port Connectivity Checks: "AU8:AU8_inst|RippleCarryAdderStructural:Adder"
 30. Port Connectivity Checks: "AU8:AU8_inst"
 31. Port Connectivity Checks: "IU:IU_inst|SignToTwo:SignToTwo|halfADDER:signFor[6].halfADDER_inst1"
 32. Port Connectivity Checks: "IU:IU_inst|keypad_input:keypad_input|shift_reg:shift_reg"
 33. Port Connectivity Checks: "IU:IU_inst|keypad_input:keypad_input|keypad_base:keypad_base|keypad_fsm:keypad_fsm"
 34. Port Connectivity Checks: "IU:IU_inst|keypad_input:keypad_input|keypad_base:keypad_base|clock_div:keypad_clock_divider"
 35. Port Connectivity Checks: "IU:IU_inst|keypad_input:keypad_input|keypad_base:keypad_base"
 36. Port Connectivity Checks: "CU:CU_inst"
 37. Post-Synthesis Netlist Statistics for Top Partition
 38. Elapsed Time Per Partition
 39. Analysis & Synthesis Messages



----------------
; Legal Notice ;
----------------
Copyright (C) 2025  Altera Corporation. All rights reserved.
Your use of Altera Corporation's design tools, logic functions 
and other software and tools, and any partner logic 
functions, and any output files from any of the foregoing 
(including device programming or simulation files), and any 
associated documentation or information are expressly subject 
to the terms and conditions of the Altera Program License 
Subscription Agreement, the Altera Quartus Prime License Agreement,
the Altera IP License Agreement, or other applicable license
agreement, including, without limitation, that your use is for
the sole purpose of programming logic devices manufactured by
Altera and sold by Altera or its authorized distributors.  Please
refer to the Altera Software License Subscription Agreements 
on the Quartus Prime software download page.



+--------------------------------------------------------------------------------------+
; Analysis & Synthesis Summary                                                         ;
+------------------------------------+-------------------------------------------------+
; Analysis & Synthesis Status        ; Successful - Tue Sep 22 20:23:00 2026           ;
; Quartus Prime Version              ; 25.1std.0 Build 1129 10/21/2025 SC Lite Edition ;
; Revision Name                      ; TermProject                                     ;
; Top-level Entity Name              ; TermProject                                     ;
; Family                             ; MAX 10                                          ;
; Total logic elements               ; 281                                             ;
;     Total combinational functions  ; 265                                             ;
;     Dedicated logic registers      ; 88                                              ;
; Total registers                    ; 88                                              ;
; Total pins                         ; 55                                              ;
; Total virtual pins                 ; 0                                               ;
; Total memory bits                  ; 0                                               ;
; Embedded Multiplier 9-bit elements ; 0                                               ;
; Total PLLs                         ; 0                                               ;
; UFM blocks                         ; 0                                               ;
; ADC blocks                         ; 0                                               ;
+------------------------------------+-------------------------------------------------+


+------------------------------------------------------------------------------------------------------------+
; Analysis & Synthesis Settings                                                                              ;
+------------------------------------------------------------------+--------------------+--------------------+
; Option                                                           ; Setting            ; Default Value      ;
+------------------------------------------------------------------+--------------------+--------------------+
; Device                                                           ; 10M50DAF484C7G     ;                    ;
; Top-level entity name                                            ; TermProject        ; TermProject        ;
; Family name                                                      ; MAX 10             ; Cyclone V          ;
; Use smart compilation                                            ; Off                ; Off                ;
; Enable parallel Assembler and Timing Analyzer during compilation ; On                 ; On                 ;
; Enable compact report table                                      ; Off                ; Off                ;
; Restructure Multiplexers                                         ; Auto               ; Auto               ;
; Create Debugging Nodes for IP Cores                              ; Off                ; Off                ;
; Preserve fewer node names                                        ; On                 ; On                 ;
; Intel FPGA IP Evaluation Mode                                    ; Enable             ; Enable             ;
; Verilog Version                                                  ; Verilog_2001       ; Verilog_2001       ;
; VHDL Version                                                     ; VHDL_1993          ; VHDL_1993          ;
; State Machine Processing                                         ; Auto               ; Auto               ;
; Safe State Machine                                               ; Off                ; Off                ;
; Extract Verilog State Machines                                   ; On                 ; On                 ;
; Extract VHDL State Machines                                      ; On                 ; On                 ;
; Ignore Verilog initial constructs                                ; Off                ; Off                ;
; Iteration limit for constant Verilog loops                       ; 5000               ; 5000               ;
; Iteration limit for non-constant Verilog loops                   ; 250                ; 250                ;
; Add Pass-Through Logic to Inferred RAMs                          ; On                 ; On                 ;
; Infer RAMs from Raw Logic                                        ; On                 ; On                 ;
; Parallel Synthesis                                               ; On                 ; On                 ;
; DSP Block Balancing                                              ; Auto               ; Auto               ;
; NOT Gate Push-Back                                               ; On                 ; On                 ;
; Power-Up Don't Care                                              ; On                 ; On                 ;
; Remove Redundant Logic Cells                                     ; Off                ; Off                ;
; Remove Duplicate Registers                                       ; On                 ; On                 ;
; Ignore CARRY Buffers                                             ; Off                ; Off                ;
; Ignore CASCADE Buffers                                           ; Off                ; Off                ;
; Ignore GLOBAL Buffers                                            ; Off                ; Off                ;
; Ignore ROW GLOBAL Buffers                                        ; Off                ; Off                ;
; Ignore LCELL Buffers                                             ; Off                ; Off                ;
; Ignore SOFT Buffers                                              ; On                 ; On                 ;
; Limit AHDL Integers to 32 Bits                                   ; Off                ; Off                ;
; Optimization Technique                                           ; Balanced           ; Balanced           ;
; Carry Chain Length                                               ; 70                 ; 70                 ;
; Auto Carry Chains                                                ; On                 ; On                 ;
; Auto Open-Drain Pins                                             ; On                 ; On                 ;
; Perform WYSIWYG Primitive Resynthesis                            ; Off                ; Off                ;
; Auto ROM Replacement                                             ; On                 ; On                 ;
; Auto RAM Replacement                                             ; On                 ; On                 ;
; Auto DSP Block Replacement                                       ; On                 ; On                 ;
; Auto Shift Register Replacement                                  ; Auto               ; Auto               ;
; Allow Shift Register Merging across Hierarchies                  ; Auto               ; Auto               ;
; Auto Clock Enable Replacement                                    ; On                 ; On                 ;
; Strict RAM Replacement                                           ; Off                ; Off                ;
; Allow Synchronous Control Signals                                ; On                 ; On                 ;
; Force Use of Synchronous Clear Signals                           ; Off                ; Off                ;
; Auto RAM Block Balancing                                         ; On                 ; On                 ;
; Auto RAM to Logic Cell Conversion                                ; Off                ; Off                ;
; Auto Resource Sharing                                            ; Off                ; Off                ;
; Allow Any RAM Size For Recognition                               ; Off                ; Off                ;
; Allow Any ROM Size For Recognition                               ; Off                ; Off                ;
; Allow Any Shift Register Size For Recognition                    ; Off                ; Off                ;
; Use LogicLock Constraints during Resource Balancing              ; On                 ; On                 ;
; Ignore translate_off and synthesis_off directives                ; Off                ; Off                ;
; Timing-Driven Synthesis                                          ; On                 ; On                 ;
; Report Parameter Settings                                        ; On                 ; On                 ;
; Report Source Assignments                                        ; On                 ; On                 ;
; Report Connectivity Checks                                       ; On                 ; On                 ;
; Ignore Maximum Fan-Out Assignments                               ; Off                ; Off                ;
; Synchronization Register Chain Length                            ; 2                  ; 2                  ;
; Power Optimization During Synthesis                              ; Normal compilation ; Normal compilation ;
; HDL message level                                                ; Level2             ; Level2             ;
; Suppress Register Optimization Related Messages                  ; Off                ; Off                ;
; Number of Removed Registers Reported in Synthesis Report         ; 5000               ; 5000               ;
; Number of Swept Nodes Reported in Synthesis Report               ; 5000               ; 5000               ;
; Number of Inverted Registers Reported in Synthesis Report        ; 100                ; 100                ;
; Clock MUX Protection                                             ; On                 ; On                 ;
; Auto Gated Clock Conversion                                      ; Off                ; Off                ;
; Block Design Naming                                              ; Auto               ; Auto               ;
; SDC constraint protection                                        ; Off                ; Off                ;
; Synthesis Effort                                                 ; Auto               ; Auto               ;
; Shift Register Replacement - Allow Asynchronous Clear Signal     ; On                 ; On                 ;
; Pre-Mapping Resynthesis Optimization                             ; Off                ; Off                ;
; Analysis & Synthesis Message Level                               ; Medium             ; Medium             ;
; Disable Register Merging Across Hierarchies                      ; Auto               ; Auto               ;
; Resource Aware Inference For Block RAM                           ; On                 ; On                 ;
+------------------------------------------------------------------+--------------------+--------------------+


+------------------------------------------+
; Parallel Compilation                     ;
+----------------------------+-------------+
; Processors                 ; Number      ;
+----------------------------+-------------+
; Number detected on machine ; 22          ;
; Maximum allowed            ; 16          ;
;                            ;             ;
; Average used               ; 1.01        ;
; Maximum used               ; 16          ;
;                            ;             ;
; Usage by Processor         ; % Time Used ;
;     Processor 1            ; 100.0%      ;
;     Processor 2            ;   0.1%      ;
;     Processors 3-16        ;   0.1%      ;
+----------------------------+-------------+


+-------------------------------------------------------------------------------------------------------------------------------------------------------------------------+
; Analysis & Synthesis Source Files Read                                                                                                                                  ;
+----------------------------------+-----------------+------------------------------+---------------------------------------------------------------------------+---------+
; File Name with User-Entered Path ; Used in Netlist ; File Type                    ; File Name with Absolute Path                                              ; Library ;
+----------------------------------+-----------------+------------------------------+---------------------------------------------------------------------------+---------+
; TwoSign.sv                       ; yes             ; User SystemVerilog HDL File  ; D:/digitallogic/TermProject/TwoSign.sv                                    ;         ;
; SignToTwo.sv                     ; yes             ; User SystemVerilog HDL File  ; D:/digitallogic/TermProject/SignToTwo.sv                                  ;         ;
; shift_reg.sv                     ; yes             ; User SystemVerilog HDL File  ; D:/digitallogic/TermProject/shift_reg.sv                                  ;         ;
; RippleCarryAdderStructural.sv    ; yes             ; User SystemVerilog HDL File  ; D:/digitallogic/TermProject/RippleCarryAdderStructural.sv                 ;         ;
; OU.sv                            ; yes             ; User SystemVerilog HDL File  ; D:/digitallogic/TermProject/OU.sv                                         ;         ;
; NBitRegister.sv                  ; yes             ; User SystemVerilog HDL File  ; D:/digitallogic/TermProject/NBitRegister.sv                               ;         ;
; keypad_input.sv                  ; yes             ; User SystemVerilog HDL File  ; D:/digitallogic/TermProject/keypad_input.sv                               ;         ;
; keypad_fsm.sv                    ; yes             ; User SystemVerilog HDL File  ; D:/digitallogic/TermProject/keypad_fsm.sv                                 ;         ;
; keypad_decoder.sv                ; yes             ; User SystemVerilog HDL File  ; D:/digitallogic/TermProject/keypad_decoder.sv                             ;         ;
; keypad_base.sv                   ; yes             ; User SystemVerilog HDL File  ; D:/digitallogic/TermProject/keypad_base.sv                                ;         ;
; IU.sv                            ; yes             ; User SystemVerilog HDL File  ; D:/digitallogic/TermProject/IU.sv                                         ;         ;
; halfADDER.sv                     ; yes             ; User SystemVerilog HDL File  ; D:/digitallogic/TermProject/halfADDER.sv                                  ;         ;
; FAbehavSV.sv                     ; yes             ; User SystemVerilog HDL File  ; D:/digitallogic/TermProject/FAbehavSV.sv                                  ;         ;
; CU.sv                            ; yes             ; User SystemVerilog HDL File  ; D:/digitallogic/TermProject/CU.sv                                         ;         ;
; clock_div.sv                     ; yes             ; User SystemVerilog HDL File  ; D:/digitallogic/TermProject/clock_div.sv                                  ;         ;
; binary2seven.sv                  ; yes             ; User SystemVerilog HDL File  ; D:/digitallogic/TermProject/binary2seven.sv                               ;         ;
; binary2bcd.sv                    ; yes             ; User SystemVerilog HDL File  ; D:/digitallogic/TermProject/binary2bcd.sv                                 ;         ;
; bcd2seven.sv                     ; yes             ; User SystemVerilog HDL File  ; D:/digitallogic/TermProject/bcd2seven.sv                                  ;         ;
; BCD2BinarySM.sv                  ; yes             ; User SystemVerilog HDL File  ; D:/digitallogic/TermProject/BCD2BinarySM.sv                               ;         ;
; AU8.sv                           ; yes             ; User SystemVerilog HDL File  ; D:/digitallogic/TermProject/AU8.sv                                        ;         ;
; add3.sv                          ; yes             ; User SystemVerilog HDL File  ; D:/digitallogic/TermProject/add3.sv                                       ;         ;
; TermProject.sv                   ; yes             ; User SystemVerilog HDL File  ; D:/digitallogic/TermProject/TermProject.sv                                ;         ;
; lpm_mult.tdf                     ; yes             ; Megafunction                 ; c:/altera_lite/25.1std/quartus/libraries/megafunctions/lpm_mult.tdf       ;         ;
; aglobal251.inc                   ; yes             ; Megafunction                 ; c:/altera_lite/25.1std/quartus/libraries/megafunctions/aglobal251.inc     ;         ;
; lpm_add_sub.inc                  ; yes             ; Megafunction                 ; c:/altera_lite/25.1std/quartus/libraries/megafunctions/lpm_add_sub.inc    ;         ;
; multcore.inc                     ; yes             ; Megafunction                 ; c:/altera_lite/25.1std/quartus/libraries/megafunctions/multcore.inc       ;         ;
; bypassff.inc                     ; yes             ; Megafunction                 ; c:/altera_lite/25.1std/quartus/libraries/megafunctions/bypassff.inc       ;         ;
; altshift.inc                     ; yes             ; Megafunction                 ; c:/altera_lite/25.1std/quartus/libraries/megafunctions/altshift.inc       ;         ;
; multcore.tdf                     ; yes             ; Megafunction                 ; c:/altera_lite/25.1std/quartus/libraries/megafunctions/multcore.tdf       ;         ;
; csa_add.inc                      ; yes             ; Megafunction                 ; c:/altera_lite/25.1std/quartus/libraries/megafunctions/csa_add.inc        ;         ;
; mpar_add.inc                     ; yes             ; Megafunction                 ; c:/altera_lite/25.1std/quartus/libraries/megafunctions/mpar_add.inc       ;         ;
; muleabz.inc                      ; yes             ; Megafunction                 ; c:/altera_lite/25.1std/quartus/libraries/megafunctions/muleabz.inc        ;         ;
; mul_lfrg.inc                     ; yes             ; Megafunction                 ; c:/altera_lite/25.1std/quartus/libraries/megafunctions/mul_lfrg.inc       ;         ;
; mul_boothc.inc                   ; yes             ; Megafunction                 ; c:/altera_lite/25.1std/quartus/libraries/megafunctions/mul_boothc.inc     ;         ;
; alt_ded_mult.inc                 ; yes             ; Megafunction                 ; c:/altera_lite/25.1std/quartus/libraries/megafunctions/alt_ded_mult.inc   ;         ;
; alt_ded_mult_y.inc               ; yes             ; Megafunction                 ; c:/altera_lite/25.1std/quartus/libraries/megafunctions/alt_ded_mult_y.inc ;         ;
; dffpipe.inc                      ; yes             ; Megafunction                 ; c:/altera_lite/25.1std/quartus/libraries/megafunctions/dffpipe.inc        ;         ;
; mpar_add.tdf                     ; yes             ; Megafunction                 ; c:/altera_lite/25.1std/quartus/libraries/megafunctions/mpar_add.tdf       ;         ;
; altshift.tdf                     ; yes             ; Megafunction                 ; c:/altera_lite/25.1std/quartus/libraries/megafunctions/altshift.tdf       ;         ;
+----------------------------------+-----------------+------------------------------+---------------------------------------------------------------------------+---------+


+--------------------------------------------------------------+
; Analysis & Synthesis Resource Usage Summary                  ;
+---------------------------------------------+----------------+
; Resource                                    ; Usage          ;
+---------------------------------------------+----------------+
; Estimated Total logic elements              ; 281            ;
;                                             ;                ;
; Total combinational functions               ; 265            ;
; Logic element usage by number of LUT inputs ;                ;
;     -- 4 input functions                    ; 132            ;
;     -- 3 input functions                    ; 50             ;
;     -- <=2 input functions                  ; 83             ;
;                                             ;                ;
; Logic elements by mode                      ;                ;
;     -- normal mode                          ; 223            ;
;     -- arithmetic mode                      ; 42             ;
;                                             ;                ;
; Total registers                             ; 88             ;
;     -- Dedicated logic registers            ; 88             ;
;     -- I/O registers                        ; 0              ;
;                                             ;                ;
; I/O pins                                    ; 55             ;
;                                             ;                ;
; Embedded Multiplier 9-bit elements          ; 0              ;
;                                             ;                ;
; Maximum fan-out node                        ; clearAll~input ;
; Maximum fan-out                             ; 42             ;
; Total fan-out                               ; 1159           ;
; Average fan-out                             ; 2.50           ;
+---------------------------------------------+----------------+


+----------------------------------------------------------------------------------------------------------------------------------------------------------------------------------------------------------------------------------------------------------------------------------------------------------------------------------------------------------------+
; Analysis & Synthesis Resource Utilization by Entity                                                                                                                                                                                                                                                                                                            ;
+-------------------------------------------------+---------------------+---------------------------+-------------+------------+--------------+---------+-----------+------+--------------+------------+-------------------------------------------------------------------------------------------------------------+----------------------------+--------------+
; Compilation Hierarchy Node                      ; Combinational ALUTs ; Dedicated Logic Registers ; Memory Bits ; UFM Blocks ; DSP Elements ; DSP 9x9 ; DSP 18x18 ; Pins ; Virtual Pins ; ADC blocks ; Full Hierarchy Name                                                                                         ; Entity Name                ; Library Name ;
+-------------------------------------------------+---------------------+---------------------------+-------------+------------+--------------+---------+-----------+------+--------------+------------+-------------------------------------------------------------------------------------------------------------+----------------------------+--------------+
; |TermProject                                    ; 265 (4)             ; 88 (0)                    ; 0           ; 0          ; 0            ; 0       ; 0         ; 55   ; 0            ; 0          ; |TermProject                                                                                                ; TermProject                ; work         ;
;    |AU8:AU8_inst|                               ; 25 (3)              ; 26 (0)                    ; 0           ; 0          ; 0            ; 0       ; 0         ; 0    ; 0            ; 0          ; |TermProject|AU8:AU8_inst                                                                                   ; AU8                        ; work         ;
;       |NBitRegister:RegA|                       ; 2 (2)               ; 8 (8)                     ; 0           ; 0          ; 0            ; 0       ; 0         ; 0    ; 0            ; 0          ; |TermProject|AU8:AU8_inst|NBitRegister:RegA                                                                 ; NBitRegister               ; work         ;
;       |NBitRegister:RegB|                       ; 2 (2)               ; 8 (8)                     ; 0           ; 0          ; 0            ; 0       ; 0         ; 0    ; 0            ; 0          ; |TermProject|AU8:AU8_inst|NBitRegister:RegB                                                                 ; NBitRegister               ; work         ;
;       |NBitRegister:RegCC|                      ; 0 (0)               ; 2 (2)                     ; 0           ; 0          ; 0            ; 0       ; 0         ; 0    ; 0            ; 0          ; |TermProject|AU8:AU8_inst|NBitRegister:RegCC                                                                ; NBitRegister               ; work         ;
;       |NBitRegister:RegR|                       ; 0 (0)               ; 8 (8)                     ; 0           ; 0          ; 0            ; 0       ; 0         ; 0    ; 0            ; 0          ; |TermProject|AU8:AU8_inst|NBitRegister:RegR                                                                 ; NBitRegister               ; work         ;
;       |RippleCarryAdderStructural:Adder|        ; 18 (1)              ; 0 (0)                     ; 0           ; 0          ; 0            ; 0       ; 0         ; 0    ; 0            ; 0          ; |TermProject|AU8:AU8_inst|RippleCarryAdderStructural:Adder                                                  ; RippleCarryAdderStructural ; work         ;
;          |FAbehavSV:s0|                         ; 1 (1)               ; 0 (0)                     ; 0           ; 0          ; 0            ; 0       ; 0         ; 0    ; 0            ; 0          ; |TermProject|AU8:AU8_inst|RippleCarryAdderStructural:Adder|FAbehavSV:s0                                     ; FAbehavSV                  ; work         ;
;          |FAbehavSV:s1|                         ; 2 (2)               ; 0 (0)                     ; 0           ; 0          ; 0            ; 0       ; 0         ; 0    ; 0            ; 0          ; |TermProject|AU8:AU8_inst|RippleCarryAdderStructural:Adder|FAbehavSV:s1                                     ; FAbehavSV                  ; work         ;
;          |FAbehavSV:s2|                         ; 2 (2)               ; 0 (0)                     ; 0           ; 0          ; 0            ; 0       ; 0         ; 0    ; 0            ; 0          ; |TermProject|AU8:AU8_inst|RippleCarryAdderStructural:Adder|FAbehavSV:s2                                     ; FAbehavSV                  ; work         ;
;          |FAbehavSV:s3|                         ; 1 (1)               ; 0 (0)                     ; 0           ; 0          ; 0            ; 0       ; 0         ; 0    ; 0            ; 0          ; |TermProject|AU8:AU8_inst|RippleCarryAdderStructural:Adder|FAbehavSV:s3                                     ; FAbehavSV                  ; work         ;
;          |FAbehavSV:s4|                         ; 5 (5)               ; 0 (0)                     ; 0           ; 0          ; 0            ; 0       ; 0         ; 0    ; 0            ; 0          ; |TermProject|AU8:AU8_inst|RippleCarryAdderStructural:Adder|FAbehavSV:s4                                     ; FAbehavSV                  ; work         ;
;          |FAbehavSV:s5|                         ; 2 (2)               ; 0 (0)                     ; 0           ; 0          ; 0            ; 0       ; 0         ; 0    ; 0            ; 0          ; |TermProject|AU8:AU8_inst|RippleCarryAdderStructural:Adder|FAbehavSV:s5                                     ; FAbehavSV                  ; work         ;
;          |FAbehavSV:s6|                         ; 2 (2)               ; 0 (0)                     ; 0           ; 0          ; 0            ; 0       ; 0         ; 0    ; 0            ; 0          ; |TermProject|AU8:AU8_inst|RippleCarryAdderStructural:Adder|FAbehavSV:s6                                     ; FAbehavSV                  ; work         ;
;          |FAbehavSV:s7|                         ; 2 (2)               ; 0 (0)                     ; 0           ; 0          ; 0            ; 0       ; 0         ; 0    ; 0            ; 0          ; |TermProject|AU8:AU8_inst|RippleCarryAdderStructural:Adder|FAbehavSV:s7                                     ; FAbehavSV                  ; work         ;
;    |CU:CU_inst|                                 ; 47 (47)             ; 8 (8)                     ; 0           ; 0          ; 0            ; 0       ; 0         ; 0    ; 0            ; 0          ; |TermProject|CU:CU_inst                                                                                     ; CU                         ; work         ;
;    |IU:IU_inst|                                 ; 132 (0)             ; 54 (0)                    ; 0           ; 0          ; 0            ; 0       ; 0         ; 0    ; 0            ; 0          ; |TermProject|IU:IU_inst                                                                                     ; IU                         ; work         ;
;       |BCD2BinarySM:BCD2BinarySM|               ; 22 (19)             ; 0 (0)                     ; 0           ; 0          ; 0            ; 0       ; 0         ; 0    ; 0            ; 0          ; |TermProject|IU:IU_inst|BCD2BinarySM:BCD2BinarySM                                                           ; BCD2BinarySM               ; work         ;
;          |lpm_mult:Mult0|                       ; 3 (0)               ; 0 (0)                     ; 0           ; 0          ; 0            ; 0       ; 0         ; 0    ; 0            ; 0          ; |TermProject|IU:IU_inst|BCD2BinarySM:BCD2BinarySM|lpm_mult:Mult0                                            ; lpm_mult                   ; work         ;
;             |multcore:mult_core|                ; 3 (3)               ; 0 (0)                     ; 0           ; 0          ; 0            ; 0       ; 0         ; 0    ; 0            ; 0          ; |TermProject|IU:IU_inst|BCD2BinarySM:BCD2BinarySM|lpm_mult:Mult0|multcore:mult_core                         ; multcore                   ; work         ;
;       |SignToTwo:SignToTwo|                     ; 9 (0)               ; 0 (0)                     ; 0           ; 0          ; 0            ; 0       ; 0         ; 0    ; 0            ; 0          ; |TermProject|IU:IU_inst|SignToTwo:SignToTwo                                                                 ; SignToTwo                  ; work         ;
;          |halfADDER:signFor[1].halfADDER_inst1| ; 1 (1)               ; 0 (0)                     ; 0           ; 0          ; 0            ; 0       ; 0         ; 0    ; 0            ; 0          ; |TermProject|IU:IU_inst|SignToTwo:SignToTwo|halfADDER:signFor[1].halfADDER_inst1                            ; halfADDER                  ; work         ;
;          |halfADDER:signFor[2].halfADDER_inst1| ; 2 (2)               ; 0 (0)                     ; 0           ; 0          ; 0            ; 0       ; 0         ; 0    ; 0            ; 0          ; |TermProject|IU:IU_inst|SignToTwo:SignToTwo|halfADDER:signFor[2].halfADDER_inst1                            ; halfADDER                  ; work         ;
;          |halfADDER:signFor[3].halfADDER_inst1| ; 1 (1)               ; 0 (0)                     ; 0           ; 0          ; 0            ; 0       ; 0         ; 0    ; 0            ; 0          ; |TermProject|IU:IU_inst|SignToTwo:SignToTwo|halfADDER:signFor[3].halfADDER_inst1                            ; halfADDER                  ; work         ;
;          |halfADDER:signFor[4].halfADDER_inst1| ; 3 (3)               ; 0 (0)                     ; 0           ; 0          ; 0            ; 0       ; 0         ; 0    ; 0            ; 0          ; |TermProject|IU:IU_inst|SignToTwo:SignToTwo|halfADDER:signFor[4].halfADDER_inst1                            ; halfADDER                  ; work         ;
;          |halfADDER:signFor[5].halfADDER_inst1| ; 1 (1)               ; 0 (0)                     ; 0           ; 0          ; 0            ; 0       ; 0         ; 0    ; 0            ; 0          ; |TermProject|IU:IU_inst|SignToTwo:SignToTwo|halfADDER:signFor[5].halfADDER_inst1                            ; halfADDER                  ; work         ;
;          |halfADDER:signFor[6].halfADDER_inst1| ; 1 (1)               ; 0 (0)                     ; 0           ; 0          ; 0            ; 0       ; 0         ; 0    ; 0            ; 0          ; |TermProject|IU:IU_inst|SignToTwo:SignToTwo|halfADDER:signFor[6].halfADDER_inst1                            ; halfADDER                  ; work         ;
;       |keypad_input:keypad_input|               ; 101 (0)             ; 54 (0)                    ; 0           ; 0          ; 0            ; 0       ; 0         ; 0    ; 0            ; 0          ; |TermProject|IU:IU_inst|keypad_input:keypad_input                                                           ; keypad_input               ; work         ;
;          |keypad_base:keypad_base|              ; 101 (2)             ; 41 (0)                    ; 0           ; 0          ; 0            ; 0       ; 0         ; 0    ; 0            ; 0          ; |TermProject|IU:IU_inst|keypad_input:keypad_input|keypad_base:keypad_base                                   ; keypad_base                ; work         ;
;             |clock_div:keypad_clock_divider|    ; 50 (50)             ; 33 (33)                   ; 0           ; 0          ; 0            ; 0       ; 0         ; 0    ; 0            ; 0          ; |TermProject|IU:IU_inst|keypad_input:keypad_input|keypad_base:keypad_base|clock_div:keypad_clock_divider    ; clock_div                  ; work         ;
;             |keypad_decoder:keypad_key_decoder| ; 34 (34)             ; 0 (0)                     ; 0           ; 0          ; 0            ; 0       ; 0         ; 0    ; 0            ; 0          ; |TermProject|IU:IU_inst|keypad_input:keypad_input|keypad_base:keypad_base|keypad_decoder:keypad_key_decoder ; keypad_decoder             ; work         ;
;             |keypad_fsm:keypad_fsm|             ; 15 (15)             ; 8 (8)                     ; 0           ; 0          ; 0            ; 0       ; 0         ; 0    ; 0            ; 0          ; |TermProject|IU:IU_inst|keypad_input:keypad_input|keypad_base:keypad_base|keypad_fsm:keypad_fsm             ; keypad_fsm                 ; work         ;
;          |shift_reg:shift_reg|                  ; 0 (0)               ; 13 (13)                   ; 0           ; 0          ; 0            ; 0       ; 0         ; 0    ; 0            ; 0          ; |TermProject|IU:IU_inst|keypad_input:keypad_input|shift_reg:shift_reg                                       ; shift_reg                  ; work         ;
;    |OU:OU_inst|                                 ; 57 (0)              ; 0 (0)                     ; 0           ; 0          ; 0            ; 0       ; 0         ; 0    ; 0            ; 0          ; |TermProject|OU:OU_inst                                                                                     ; OU                         ; work         ;
;       |TwoSign:TwoSign_inst|                    ; 9 (4)               ; 0 (0)                     ; 0           ; 0          ; 0            ; 0       ; 0         ; 0    ; 0            ; 0          ; |TermProject|OU:OU_inst|TwoSign:TwoSign_inst                                                                ; TwoSign                    ; work         ;
;          |halfADDER:twosFor[1].halfADDER_inst1| ; 1 (1)               ; 0 (0)                     ; 0           ; 0          ; 0            ; 0       ; 0         ; 0    ; 0            ; 0          ; |TermProject|OU:OU_inst|TwoSign:TwoSign_inst|halfADDER:twosFor[1].halfADDER_inst1                           ; halfADDER                  ; work         ;
;          |halfADDER:twosFor[2].halfADDER_inst1| ; 2 (2)               ; 0 (0)                     ; 0           ; 0          ; 0            ; 0       ; 0         ; 0    ; 0            ; 0          ; |TermProject|OU:OU_inst|TwoSign:TwoSign_inst|halfADDER:twosFor[2].halfADDER_inst1                           ; halfADDER                  ; work         ;
;          |halfADDER:twosFor[3].halfADDER_inst1| ; 2 (2)               ; 0 (0)                     ; 0           ; 0          ; 0            ; 0       ; 0         ; 0    ; 0            ; 0          ; |TermProject|OU:OU_inst|TwoSign:TwoSign_inst|halfADDER:twosFor[3].halfADDER_inst1                           ; halfADDER                  ; work         ;
;       |bcd2seven:display_ones|                  ; 7 (7)               ; 0 (0)                     ; 0           ; 0          ; 0            ; 0       ; 0         ; 0    ; 0            ; 0          ; |TermProject|OU:OU_inst|bcd2seven:display_ones                                                              ; bcd2seven                  ; work         ;
;       |bcd2seven:display_tens|                  ; 17 (17)             ; 0 (0)                     ; 0           ; 0          ; 0            ; 0       ; 0         ; 0    ; 0            ; 0          ; |TermProject|OU:OU_inst|bcd2seven:display_tens                                                              ; bcd2seven                  ; work         ;
;       |binary2bcd:binary2bcd_inst|              ; 24 (0)              ; 0 (0)                     ; 0           ; 0          ; 0            ; 0       ; 0         ; 0    ; 0            ; 0          ; |TermProject|OU:OU_inst|binary2bcd:binary2bcd_inst                                                          ; binary2bcd                 ; work         ;
;          |add3:m2|                              ; 11 (11)             ; 0 (0)                     ; 0           ; 0          ; 0            ; 0       ; 0         ; 0    ; 0            ; 0          ; |TermProject|OU:OU_inst|binary2bcd:binary2bcd_inst|add3:m2                                                  ; add3                       ; work         ;
;          |add3:m3|                              ; 4 (4)               ; 0 (0)                     ; 0           ; 0          ; 0            ; 0       ; 0         ; 0    ; 0            ; 0          ; |TermProject|OU:OU_inst|binary2bcd:binary2bcd_inst|add3:m3                                                  ; add3                       ; work         ;
;          |add3:m4|                              ; 4 (4)               ; 0 (0)                     ; 0           ; 0          ; 0            ; 0       ; 0         ; 0    ; 0            ; 0          ; |TermProject|OU:OU_inst|binary2bcd:binary2bcd_inst|add3:m4                                                  ; add3                       ; work         ;
;          |add3:m5|                              ; 4 (4)               ; 0 (0)                     ; 0           ; 0          ; 0            ; 0       ; 0         ; 0    ; 0            ; 0          ; |TermProject|OU:OU_inst|binary2bcd:binary2bcd_inst|add3:m5                                                  ; add3                       ; work         ;
;          |add3:m7|                              ; 1 (1)               ; 0 (0)                     ; 0           ; 0          ; 0            ; 0       ; 0         ; 0    ; 0            ; 0          ; |TermProject|OU:OU_inst|binary2bcd:binary2bcd_inst|add3:m7                                                  ; add3                       ; work         ;
+-------------------------------------------------+---------------------+---------------------------+-------------+------------+--------------+---------+-----------+------+--------------+------------+-------------------------------------------------------------------------------------------------------------+----------------------------+--------------+
Note: For table entries with two numbers listed, the numbers in parentheses indicate the number of resources of the given type used by the specific entity alone. The numbers listed outside of parentheses indicate the total resources of the given type used by the specific entity and all of its sub-entities in the hierarchy.


+-------------------------------------------------------------------------------------------+
; Registers Removed During Synthesis                                                        ;
+----------------------------------------------------------------------+--------------------+
; Register name                                                        ; Reason for Removal ;
+----------------------------------------------------------------------+--------------------+
; IU:IU_inst|keypad_input:keypad_input|shift_reg:shift_reg|out[12..14] ; Lost fanout        ;
; Total Number of Removed Registers = 3                                ;                    ;
+----------------------------------------------------------------------+--------------------+


+------------------------------------------------------+
; General Register Statistics                          ;
+----------------------------------------------+-------+
; Statistic                                    ; Value ;
+----------------------------------------------+-------+
; Total registers                              ; 88    ;
; Number of registers using Synchronous Clear  ; 0     ;
; Number of registers using Synchronous Load   ; 0     ;
; Number of registers using Asynchronous Clear ; 46    ;
; Number of registers using Asynchronous Load  ; 0     ;
; Number of registers using Clock Enable       ; 7     ;
; Number of registers using Preset             ; 0     ;
+----------------------------------------------+-------+


+----------------------------------------------------------------------------------------------------------------------------------------------------------------------------------------------------------------------+
; Multiplexer Restructuring Statistics (Restructuring Performed)                                                                                                                                                       ;
+--------------------+-----------+---------------+----------------------+------------------------+------------+--------------------------------------------------------------------------------------------------------+
; Multiplexer Inputs ; Bus Width ; Baseline Area ; Area if Restructured ; Saving if Restructured ; Registered ; Example Multiplexer Output                                                                             ;
+--------------------+-----------+---------------+----------------------+------------------------+------------+--------------------------------------------------------------------------------------------------------+
; 16:1               ; 4 bits    ; 40 LEs        ; 12 LEs               ; 28 LEs                 ; Yes        ; |TermProject|IU:IU_inst|keypad_input:keypad_input|keypad_base:keypad_base|keypad_fsm:keypad_fsm|col[0] ;
; 9:1                ; 4 bits    ; 24 LEs        ; 12 LEs               ; 12 LEs                 ; Yes        ; |TermProject|CU:CU_inst|state.000                                                                      ;
+--------------------+-----------+---------------+----------------------+------------------------+------------+--------------------------------------------------------------------------------------------------------+


+---------------------------------------------------------+
; Parameter Settings for User Entity Instance: CU:CU_inst ;
+----------------+-------+--------------------------------+
; Parameter Name ; Value ; Type                           ;
+----------------+-------+--------------------------------+
; S0             ; 000   ; Unsigned Binary                ;
; S1             ; 001   ; Unsigned Binary                ;
; S2             ; 010   ; Unsigned Binary                ;
; S3             ; 011   ; Unsigned Binary                ;
; S4             ; 100   ; Unsigned Binary                ;
; S5             ; 101   ; Unsigned Binary                ;
; S6             ; 110   ; Unsigned Binary                ;
+----------------+-------+--------------------------------+
Note: In order to hide this table in the UI and the text report file, please set the "Show Parameter Settings in Synthesis Report" option in "Analysis and Synthesis Settings -> More Settings" to "Off".


+-----------------------------------------------------------------------------------+
; Parameter Settings for User Entity Instance: IU:IU_inst|keypad_input:keypad_input ;
+----------------+-------+----------------------------------------------------------+
; Parameter Name ; Value ; Type                                                     ;
+----------------+-------+----------------------------------------------------------+
; DIGITS         ; 4     ; Signed Integer                                           ;
+----------------+-------+----------------------------------------------------------+
Note: In order to hide this table in the UI and the text report file, please set the "Show Parameter Settings in Synthesis Report" option in "Analysis and Synthesis Settings -> More Settings" to "Off".


+------------------------------------------------------------------------------------------------------------------------------------------+
; Parameter Settings for User Entity Instance: IU:IU_inst|keypad_input:keypad_input|keypad_base:keypad_base|clock_div:keypad_clock_divider ;
+----------------+--------+----------------------------------------------------------------------------------------------------------------+
; Parameter Name ; Value  ; Type                                                                                                           ;
+----------------+--------+----------------------------------------------------------------------------------------------------------------+
; WIDTH          ; 32     ; Signed Integer                                                                                                 ;
; DIV            ; 100000 ; Signed Integer                                                                                                 ;
+----------------+--------+----------------------------------------------------------------------------------------------------------------+
Note: In order to hide this table in the UI and the text report file, please set the "Show Parameter Settings in Synthesis Report" option in "Analysis and Synthesis Settings -> More Settings" to "Off".


+---------------------------------------------------------------------------------------------------------------------------------------------+
; Parameter Settings for User Entity Instance: IU:IU_inst|keypad_input:keypad_input|keypad_base:keypad_base|keypad_decoder:keypad_key_decoder ;
+----------------+-------+--------------------------------------------------------------------------------------------------------------------+
; Parameter Name ; Value ; Type                                                                                                               ;
+----------------+-------+--------------------------------------------------------------------------------------------------------------------+
; BASE           ; 10    ; Signed Integer                                                                                                     ;
+----------------+-------+--------------------------------------------------------------------------------------------------------------------+
Note: In order to hide this table in the UI and the text report file, please set the "Show Parameter Settings in Synthesis Report" option in "Analysis and Synthesis Settings -> More Settings" to "Off".


+-------------------------------------------------------------------------------------------------------+
; Parameter Settings for User Entity Instance: IU:IU_inst|keypad_input:keypad_input|shift_reg:shift_reg ;
+----------------+-------+------------------------------------------------------------------------------+
; Parameter Name ; Value ; Type                                                                         ;
+----------------+-------+------------------------------------------------------------------------------+
; COUNT          ; 4     ; Signed Integer                                                               ;
; WIDTH          ; 4     ; Signed Integer                                                               ;
+----------------+-------+------------------------------------------------------------------------------+
Note: In order to hide this table in the UI and the text report file, please set the "Show Parameter Settings in Synthesis Report" option in "Analysis and Synthesis Settings -> More Settings" to "Off".


+-----------------------------------------------------------------------------------+
; Parameter Settings for User Entity Instance: IU:IU_inst|BCD2BinarySM:BCD2BinarySM ;
+----------------+-------+----------------------------------------------------------+
; Parameter Name ; Value ; Type                                                     ;
+----------------+-------+----------------------------------------------------------+
; N              ; 8     ; Signed Integer                                           ;
+----------------+-------+----------------------------------------------------------+
Note: In order to hide this table in the UI and the text report file, please set the "Show Parameter Settings in Synthesis Report" option in "Analysis and Synthesis Settings -> More Settings" to "Off".


+-----------------------------------------------------------------------------+
; Parameter Settings for User Entity Instance: IU:IU_inst|SignToTwo:SignToTwo ;
+----------------+-------+----------------------------------------------------+
; Parameter Name ; Value ; Type                                               ;
+----------------+-------+----------------------------------------------------+
; N              ; 8     ; Signed Integer                                     ;
+----------------+-------+----------------------------------------------------+
Note: In order to hide this table in the UI and the text report file, please set the "Show Parameter Settings in Synthesis Report" option in "Analysis and Synthesis Settings -> More Settings" to "Off".


+-----------------------------------------------------------------------------+
; Parameter Settings for User Entity Instance: AU8:AU8_inst|NBitRegister:RegA ;
+----------------+-------+----------------------------------------------------+
; Parameter Name ; Value ; Type                                               ;
+----------------+-------+----------------------------------------------------+
; N              ; 1000  ; Unsigned Binary                                    ;
+----------------+-------+----------------------------------------------------+
Note: In order to hide this table in the UI and the text report file, please set the "Show Parameter Settings in Synthesis Report" option in "Analysis and Synthesis Settings -> More Settings" to "Off".


+-----------------------------------------------------------------------------+
; Parameter Settings for User Entity Instance: AU8:AU8_inst|NBitRegister:RegB ;
+----------------+-------+----------------------------------------------------+
; Parameter Name ; Value ; Type                                               ;
+----------------+-------+----------------------------------------------------+
; N              ; 1000  ; Unsigned Binary                                    ;
+----------------+-------+----------------------------------------------------+
Note: In order to hide this table in the UI and the text report file, please set the "Show Parameter Settings in Synthesis Report" option in "Analysis and Synthesis Settings -> More Settings" to "Off".


+-----------------------------------------------------------------------------+
; Parameter Settings for User Entity Instance: AU8:AU8_inst|NBitRegister:RegR ;
+----------------+-------+----------------------------------------------------+
; Parameter Name ; Value ; Type                                               ;
+----------------+-------+----------------------------------------------------+
; N              ; 1000  ; Unsigned Binary                                    ;
+----------------+-------+----------------------------------------------------+
Note: In order to hide this table in the UI and the text report file, please set the "Show Parameter Settings in Synthesis Report" option in "Analysis and Synthesis Settings -> More Settings" to "Off".


+------------------------------------------------------------------------------+
; Parameter Settings for User Entity Instance: AU8:AU8_inst|NBitRegister:RegCC ;
+----------------+-------+-----------------------------------------------------+
; Parameter Name ; Value ; Type                                                ;
+----------------+-------+-----------------------------------------------------+
; N              ; 100   ; Unsigned Binary                                     ;
+----------------+-------+-----------------------------------------------------+
Note: In order to hide this table in the UI and the text report file, please set the "Show Parameter Settings in Synthesis Report" option in "Analysis and Synthesis Settings -> More Settings" to "Off".


+------------------------------------------------------------------------------+
; Parameter Settings for User Entity Instance: OU:OU_inst|TwoSign:TwoSign_inst ;
+----------------+-------+-----------------------------------------------------+
; Parameter Name ; Value ; Type                                                ;
+----------------+-------+-----------------------------------------------------+
; N              ; 8     ; Signed Integer                                      ;
+----------------+-------+-----------------------------------------------------+
Note: In order to hide this table in the UI and the text report file, please set the "Show Parameter Settings in Synthesis Report" option in "Analysis and Synthesis Settings -> More Settings" to "Off".


+------------------------------------------------------------------------------------------------------+
; Parameter Settings for Inferred Entity Instance: IU:IU_inst|BCD2BinarySM:BCD2BinarySM|lpm_mult:Mult0 ;
+------------------------------------------------+----------+------------------------------------------+
; Parameter Name                                 ; Value    ; Type                                     ;
+------------------------------------------------+----------+------------------------------------------+
; AUTO_CARRY_CHAINS                              ; ON       ; AUTO_CARRY                               ;
; IGNORE_CARRY_BUFFERS                           ; OFF      ; IGNORE_CARRY                             ;
; AUTO_CASCADE_CHAINS                            ; ON       ; AUTO_CASCADE                             ;
; IGNORE_CASCADE_BUFFERS                         ; OFF      ; IGNORE_CASCADE                           ;
; LPM_WIDTHA                                     ; 4        ; Untyped                                  ;
; LPM_WIDTHB                                     ; 7        ; Untyped                                  ;
; LPM_WIDTHP                                     ; 11       ; Untyped                                  ;
; LPM_WIDTHR                                     ; 11       ; Untyped                                  ;
; LPM_WIDTHS                                     ; 1        ; Untyped                                  ;
; LPM_REPRESENTATION                             ; UNSIGNED ; Untyped                                  ;
; LPM_PIPELINE                                   ; 0        ; Untyped                                  ;
; LATENCY                                        ; 0        ; Untyped                                  ;
; INPUT_A_IS_CONSTANT                            ; NO       ; Untyped                                  ;
; INPUT_B_IS_CONSTANT                            ; YES      ; Untyped                                  ;
; USE_EAB                                        ; OFF      ; Untyped                                  ;
; MAXIMIZE_SPEED                                 ; 5        ; Untyped                                  ;
; DEVICE_FAMILY                                  ; MAX 10   ; Untyped                                  ;
; CARRY_CHAIN                                    ; MANUAL   ; Untyped                                  ;
; APEX20K_TECHNOLOGY_MAPPER                      ; LUT      ; TECH_MAPPER_APEX20K                      ;
; DEDICATED_MULTIPLIER_CIRCUITRY                 ; AUTO     ; Untyped                                  ;
; DEDICATED_MULTIPLIER_MIN_INPUT_WIDTH_FOR_AUTO  ; 0        ; Untyped                                  ;
; DEDICATED_MULTIPLIER_MIN_OUTPUT_WIDTH_FOR_AUTO ; 0        ; Untyped                                  ;
; CBXI_PARAMETER                                 ; NOTHING  ; Untyped                                  ;
; INPUT_A_FIXED_VALUE                            ; Bx       ; Untyped                                  ;
; INPUT_B_FIXED_VALUE                            ; Bx       ; Untyped                                  ;
; USE_AHDL_IMPLEMENTATION                        ; OFF      ; Untyped                                  ;
+------------------------------------------------+----------+------------------------------------------+
Note: In order to hide this table in the UI and the text report file, please set the "Show Parameter Settings in Synthesis Report" option in "Analysis and Synthesis Settings -> More Settings" to "Off".


+---------------------------------------------------------------------------------------------+
; lpm_mult Parameter Settings by Entity Instance                                              ;
+---------------------------------------+-----------------------------------------------------+
; Name                                  ; Value                                               ;
+---------------------------------------+-----------------------------------------------------+
; Number of entity instances            ; 1                                                   ;
; Entity Instance                       ; IU:IU_inst|BCD2BinarySM:BCD2BinarySM|lpm_mult:Mult0 ;
;     -- LPM_WIDTHA                     ; 4                                                   ;
;     -- LPM_WIDTHB                     ; 7                                                   ;
;     -- LPM_WIDTHP                     ; 11                                                  ;
;     -- LPM_REPRESENTATION             ; UNSIGNED                                            ;
;     -- INPUT_A_IS_CONSTANT            ; NO                                                  ;
;     -- INPUT_B_IS_CONSTANT            ; YES                                                 ;
;     -- USE_EAB                        ; OFF                                                 ;
;     -- DEDICATED_MULTIPLIER_CIRCUITRY ; AUTO                                                ;
;     -- INPUT_A_FIXED_VALUE            ; Bx                                                  ;
;     -- INPUT_B_FIXED_VALUE            ; Bx                                                  ;
+---------------------------------------+-----------------------------------------------------+


+-----------------------------------------------------------+
; Port Connectivity Checks: "OU:OU_inst|bcd2seven:seg_hund" ;
+-----------+-------+----------+----------------------------+
; Port      ; Type  ; Severity ; Details                    ;
+-----------+-------+----------+----------------------------+
; BIN[3..2] ; Input ; Info     ; Stuck at GND               ;
+-----------+-------+----------+----------------------------+


+---------------------------------------------------------------------------+
; Port Connectivity Checks: "OU:OU_inst|binary2bcd:binary2bcd_inst|add3:m6" ;
+-------+-------+----------+------------------------------------------------+
; Port  ; Type  ; Severity ; Details                                        ;
+-------+-------+----------+------------------------------------------------+
; in[3] ; Input ; Info     ; Stuck at GND                                   ;
+-------+-------+----------+------------------------------------------------+


+---------------------------------------------------------------------------+
; Port Connectivity Checks: "OU:OU_inst|binary2bcd:binary2bcd_inst|add3:m1" ;
+-------+-------+----------+------------------------------------------------+
; Port  ; Type  ; Severity ; Details                                        ;
+-------+-------+----------+------------------------------------------------+
; in[3] ; Input ; Info     ; Stuck at GND                                   ;
+-------+-------+----------+------------------------------------------------+


+----------------------------------------------------------------------------------------------------------------+
; Port Connectivity Checks: "OU:OU_inst|TwoSign:TwoSign_inst|halfADDER:twosFor[7].halfADDER_inst1"               ;
+------+--------+----------+-------------------------------------------------------------------------------------+
; Port ; Type   ; Severity ; Details                                                                             ;
+------+--------+----------+-------------------------------------------------------------------------------------+
; cout ; Output ; Info     ; Connected to dangling logic. Logic that only feeds a dangling port will be removed. ;
; a    ; Input  ; Info     ; Stuck at GND                                                                        ;
+------+--------+----------+-------------------------------------------------------------------------------------+


+-------------------------------------------------------------------------------------------------------------------------------------+
; Port Connectivity Checks: "AU8:AU8_inst|RippleCarryAdderStructural:Adder"                                                           ;
+------+--------+----------+----------------------------------------------------------------------------------------------------------+
; Port ; Type   ; Severity ; Details                                                                                                  ;
+------+--------+----------+----------------------------------------------------------------------------------------------------------+
; Flag ; Output ; Warning  ; Declared by entity but not connected by instance. Logic that only feeds a dangling port will be removed. ;
+------+--------+----------+----------------------------------------------------------------------------------------------------------+


+-----------------------------------------------------------------------------------------------------------------------+
; Port Connectivity Checks: "AU8:AU8_inst"                                                                              ;
+-------------+--------+----------+-------------------------------------------------------------------------------------+
; Port        ; Type   ; Severity ; Details                                                                             ;
+-------------+--------+----------+-------------------------------------------------------------------------------------+
; Ccout[2..1] ; Output ; Info     ; Connected to dangling logic. Logic that only feeds a dangling port will be removed. ;
; HEX2        ; Output ; Info     ; Explicitly unconnected                                                              ;
; HEX1        ; Output ; Info     ; Explicitly unconnected                                                              ;
; HEX0        ; Output ; Info     ; Explicitly unconnected                                                              ;
+-------------+--------+----------+-------------------------------------------------------------------------------------+


+----------------------------------------------------------------------------------------------------------------+
; Port Connectivity Checks: "IU:IU_inst|SignToTwo:SignToTwo|halfADDER:signFor[6].halfADDER_inst1"                ;
+------+--------+----------+-------------------------------------------------------------------------------------+
; Port ; Type   ; Severity ; Details                                                                             ;
+------+--------+----------+-------------------------------------------------------------------------------------+
; cout ; Output ; Info     ; Connected to dangling logic. Logic that only feeds a dangling port will be removed. ;
+------+--------+----------+-------------------------------------------------------------------------------------+


+--------------------------------------------------------------------------------------+
; Port Connectivity Checks: "IU:IU_inst|keypad_input:keypad_input|shift_reg:shift_reg" ;
+------+-------+----------+------------------------------------------------------------+
; Port ; Type  ; Severity ; Details                                                    ;
+------+-------+----------+------------------------------------------------------------+
; dir  ; Input ; Info     ; Stuck at GND                                               ;
+------+-------+----------+------------------------------------------------------------+


+--------------------------------------------------------------------------------------------------------------------------------------+
; Port Connectivity Checks: "IU:IU_inst|keypad_input:keypad_input|keypad_base:keypad_base|keypad_fsm:keypad_fsm"                       ;
+-------+--------+----------+----------------------------------------------------------------------------------------------------------+
; Port  ; Type   ; Severity ; Details                                                                                                  ;
+-------+--------+----------+----------------------------------------------------------------------------------------------------------+
; state ; Output ; Warning  ; Declared by entity but not connected by instance. Logic that only feeds a dangling port will be removed. ;
; trig  ; Output ; Warning  ; Declared by entity but not connected by instance. Logic that only feeds a dangling port will be removed. ;
+-------+--------+----------+----------------------------------------------------------------------------------------------------------+


+-------------------------------------------------------------------------------------------------------------------------------------------------------------------------+
; Port Connectivity Checks: "IU:IU_inst|keypad_input:keypad_input|keypad_base:keypad_base|clock_div:keypad_clock_divider"                                                 ;
+-------+-------+----------+----------------------------------------------------------------------------------------------------------------------------------------------+
; Port  ; Type  ; Severity ; Details                                                                                                                                      ;
+-------+-------+----------+----------------------------------------------------------------------------------------------------------------------------------------------+
; reset ; Input ; Warning  ; Declared by entity but not connected by instance. If a default value exists, it will be used.  Otherwise, the port will be connected to GND. ;
+-------+-------+----------+----------------------------------------------------------------------------------------------------------------------------------------------+


+--------------------------------------------------------------------------------------------------------------------------------------------+
; Port Connectivity Checks: "IU:IU_inst|keypad_input:keypad_input|keypad_base:keypad_base"                                                   ;
+-------------+--------+----------+----------------------------------------------------------------------------------------------------------+
; Port        ; Type   ; Severity ; Details                                                                                                  ;
+-------------+--------+----------+----------------------------------------------------------------------------------------------------------+
; slow_clock  ; Output ; Warning  ; Declared by entity but not connected by instance. Logic that only feeds a dangling port will be removed. ;
; sense       ; Output ; Warning  ; Declared by entity but not connected by instance. Logic that only feeds a dangling port will be removed. ;
; valid_digit ; Output ; Warning  ; Declared by entity but not connected by instance. Logic that only feeds a dangling port will be removed. ;
; inv_row     ; Output ; Warning  ; Declared by entity but not connected by instance. Logic that only feeds a dangling port will be removed. ;
+-------------+--------+----------+----------------------------------------------------------------------------------------------------------+


+---------------------------------------------------------------------------------------------------------------------------------------+
; Port Connectivity Checks: "CU:CU_inst"                                                                                                ;
+--------+--------+----------+----------------------------------------------------------------------------------------------------------+
; Port   ; Type   ; Severity ; Details                                                                                                  ;
+--------+--------+----------+----------------------------------------------------------------------------------------------------------+
; AddSub ; Output ; Warning  ; Declared by entity but not connected by instance. Logic that only feeds a dangling port will be removed. ;
; debug  ; Output ; Warning  ; Declared by entity but not connected by instance. Logic that only feeds a dangling port will be removed. ;
+--------+--------+----------+----------------------------------------------------------------------------------------------------------+


+-----------------------------------------------------+
; Post-Synthesis Netlist Statistics for Top Partition ;
+-----------------------+-----------------------------+
; Type                  ; Count                       ;
+-----------------------+-----------------------------+
; boundary_port         ; 55                          ;
; cycloneiii_ff         ; 88                          ;
;     CLR               ; 43                          ;
;     ENA               ; 4                           ;
;     ENA CLR           ; 3                           ;
;     plain             ; 38                          ;
; cycloneiii_lcell_comb ; 278                         ;
;     arith             ; 42                          ;
;         2 data inputs ; 34                          ;
;         3 data inputs ; 8                           ;
;     normal            ; 236                         ;
;         0 data inputs ; 2                           ;
;         1 data inputs ; 17                          ;
;         2 data inputs ; 43                          ;
;         3 data inputs ; 42                          ;
;         4 data inputs ; 132                         ;
;                       ;                             ;
; Max LUT depth         ; 17.00                       ;
; Average LUT depth     ; 8.79                        ;
+-----------------------+-----------------------------+


+-------------------------------+
; Elapsed Time Per Partition    ;
+----------------+--------------+
; Partition Name ; Elapsed Time ;
+----------------+--------------+
; Top            ; 00:00:01     ;
+----------------+--------------+


+-------------------------------+
; Analysis & Synthesis Messages ;
+-------------------------------+
Info: *******************************************************************
Info: Running Quartus Prime Analysis & Synthesis
    Info: Version 25.1std.0 Build 1129 10/21/2025 SC Lite Edition
    Info: Processing started: Tue Sep 22 20:22:49 2026
Info: Command: quartus_map --read_settings_files=on --write_settings_files=off TermProject -c TermProject
Warning (18236): Number of processors has not been specified which may cause overloading on shared machines.  Set the global assignment NUM_PARALLEL_PROCESSORS in your QSF to an appropriate value for best performance.
Info (20030): Parallel compilation is enabled and will use 16 of the 16 processors detected
Info (12021): Found 1 design units, including 1 entities, in source file twosign.sv
    Info (12023): Found entity 1: TwoSign File: D:/digitallogic/TermProject/TwoSign.sv Line: 2
Info (12021): Found 1 design units, including 1 entities, in source file signtotwo.sv
    Info (12023): Found entity 1: SignToTwo File: D:/digitallogic/TermProject/SignToTwo.sv Line: 2
Info (12021): Found 1 design units, including 1 entities, in source file shift_reg.sv
    Info (12023): Found entity 1: shift_reg File: D:/digitallogic/TermProject/shift_reg.sv Line: 1
Info (12021): Found 1 design units, including 1 entities, in source file ripplecarryadderstructural.sv
    Info (12023): Found entity 1: RippleCarryAdderStructural File: D:/digitallogic/TermProject/RippleCarryAdderStructural.sv Line: 2
Info (12021): Found 1 design units, including 1 entities, in source file ou.sv
    Info (12023): Found entity 1: OU File: D:/digitallogic/TermProject/OU.sv Line: 2
Info (12021): Found 1 design units, including 1 entities, in source file nbitregister.sv
    Info (12023): Found entity 1: NBitRegister File: D:/digitallogic/TermProject/NBitRegister.sv Line: 2
Info (12021): Found 1 design units, including 1 entities, in source file keypad_input.sv
    Info (12023): Found entity 1: keypad_input File: D:/digitallogic/TermProject/keypad_input.sv Line: 1
Info (12021): Found 1 design units, including 1 entities, in source file keypad_fsm.sv
    Info (12023): Found entity 1: keypad_fsm File: D:/digitallogic/TermProject/keypad_fsm.sv Line: 1
Info (12021): Found 1 design units, including 1 entities, in source file keypad_decoder.sv
    Info (12023): Found entity 1: keypad_decoder File: D:/digitallogic/TermProject/keypad_decoder.sv Line: 1
Info (12021): Found 1 design units, including 1 entities, in source file keypad_base.sv
    Info (12023): Found entity 1: keypad_base File: D:/digitallogic/TermProject/keypad_base.sv Line: 1
Info (12021): Found 1 design units, including 1 entities, in source file iu.sv
    Info (12023): Found entity 1: IU File: D:/digitallogic/TermProject/IU.sv Line: 1
Info (12021): Found 1 design units, including 1 entities, in source file inputvalid.sv
    Info (12023): Found entity 1: InputValid File: D:/digitallogic/TermProject/InputValid.sv Line: 1
Info (12021): Found 1 design units, including 1 entities, in source file halfadder.sv
    Info (12023): Found entity 1: halfADDER File: D:/digitallogic/TermProject/halfADDER.sv Line: 1
Info (12021): Found 1 design units, including 1 entities, in source file fabehavsv.sv
    Info (12023): Found entity 1: FAbehavSV File: D:/digitallogic/TermProject/FAbehavSV.sv Line: 2
Info (12021): Found 1 design units, including 1 entities, in source file edgedetect.sv
    Info (12023): Found entity 1: EdgeDetect File: D:/digitallogic/TermProject/EdgeDetect.sv Line: 1
Info (12021): Found 1 design units, including 1 entities, in source file cu.sv
    Info (12023): Found entity 1: CU File: D:/digitallogic/TermProject/CU.sv Line: 1
Info (12021): Found 1 design units, including 1 entities, in source file clock_div.sv
    Info (12023): Found entity 1: clock_div File: D:/digitallogic/TermProject/clock_div.sv Line: 1
Info (12021): Found 1 design units, including 1 entities, in source file binary2seven.sv
    Info (12023): Found entity 1: binary2seven File: D:/digitallogic/TermProject/binary2seven.sv Line: 1
Info (12021): Found 1 design units, including 1 entities, in source file binary2bcd.sv
    Info (12023): Found entity 1: binary2bcd File: D:/digitallogic/TermProject/binary2bcd.sv Line: 1
Info (12021): Found 1 design units, including 1 entities, in source file bcd2seven.sv
    Info (12023): Found entity 1: bcd2seven File: D:/digitallogic/TermProject/bcd2seven.sv Line: 2
Info (12021): Found 1 design units, including 1 entities, in source file bcd2binarysm.sv
    Info (12023): Found entity 1: BCD2BinarySM File: D:/digitallogic/TermProject/BCD2BinarySM.sv Line: 1
Info (12021): Found 1 design units, including 1 entities, in source file au8.sv
    Info (12023): Found entity 1: AU8 File: D:/digitallogic/TermProject/AU8.sv Line: 2
Info (12021): Found 1 design units, including 1 entities, in source file add3.sv
    Info (12023): Found entity 1: add3 File: D:/digitallogic/TermProject/add3.sv Line: 1
Info (12021): Found 1 design units, including 1 entities, in source file termproject.sv
    Info (12023): Found entity 1: TermProject File: D:/digitallogic/TermProject/TermProject.sv Line: 1
Info (12127): Elaborating entity "TermProject" for the top level hierarchy
Info (12128): Elaborating entity "CU" for hierarchy "CU:CU_inst" File: D:/digitallogic/TermProject/TermProject.sv Line: 28
Info (10018): Can't recognize finite state machine "state" because it has a complex reset state
Info (12128): Elaborating entity "IU" for hierarchy "IU:IU_inst" File: D:/digitallogic/TermProject/TermProject.sv Line: 39
Info (12128): Elaborating entity "keypad_input" for hierarchy "IU:IU_inst|keypad_input:keypad_input" File: D:/digitallogic/TermProject/iu.sv Line: 21
Info (12128): Elaborating entity "keypad_base" for hierarchy "IU:IU_inst|keypad_input:keypad_input|keypad_base:keypad_base" File: D:/digitallogic/TermProject/keypad_input.sv Line: 19
Info (12128): Elaborating entity "clock_div" for hierarchy "IU:IU_inst|keypad_input:keypad_input|keypad_base:keypad_base|clock_div:keypad_clock_divider" File: D:/digitallogic/TermProject/keypad_base.sv Line: 19
Info (12128): Elaborating entity "keypad_fsm" for hierarchy "IU:IU_inst|keypad_input:keypad_input|keypad_base:keypad_base|keypad_fsm:keypad_fsm" File: D:/digitallogic/TermProject/keypad_base.sv Line: 26
Info (12128): Elaborating entity "keypad_decoder" for hierarchy "IU:IU_inst|keypad_input:keypad_input|keypad_base:keypad_base|keypad_decoder:keypad_key_decoder" File: D:/digitallogic/TermProject/keypad_base.sv Line: 32
Info (12128): Elaborating entity "shift_reg" for hierarchy "IU:IU_inst|keypad_input:keypad_input|shift_reg:shift_reg" File: D:/digitallogic/TermProject/keypad_input.sv Line: 27
Info (12128): Elaborating entity "BCD2BinarySM" for hierarchy "IU:IU_inst|BCD2BinarySM:BCD2BinarySM" File: D:/digitallogic/TermProject/iu.sv Line: 27
Info (12128): Elaborating entity "SignToTwo" for hierarchy "IU:IU_inst|SignToTwo:SignToTwo" File: D:/digitallogic/TermProject/iu.sv Line: 33
Info (12128): Elaborating entity "halfADDER" for hierarchy "IU:IU_inst|SignToTwo:SignToTwo|halfADDER:signFor[0].halfADDER_inst1" File: D:/digitallogic/TermProject/signtotwo.sv Line: 23
Info (12128): Elaborating entity "AU8" for hierarchy "AU8:AU8_inst" File: D:/digitallogic/TermProject/TermProject.sv Line: 52
Warning (10034): Output port "HEX2" at au8.sv(7) has no driver File: D:/digitallogic/TermProject/au8.sv Line: 7
Info (12128): Elaborating entity "NBitRegister" for hierarchy "AU8:AU8_inst|NBitRegister:RegA" File: D:/digitallogic/TermProject/au8.sv Line: 23
Info (12128): Elaborating entity "NBitRegister" for hierarchy "AU8:AU8_inst|NBitRegister:RegCC" File: D:/digitallogic/TermProject/au8.sv Line: 46
Info (12128): Elaborating entity "RippleCarryAdderStructural" for hierarchy "AU8:AU8_inst|RippleCarryAdderStructural:Adder" File: D:/digitallogic/TermProject/au8.sv Line: 56
Warning (10034): Output port "Flag" at ripplecarryadderstructural.sv(6) has no driver File: D:/digitallogic/TermProject/ripplecarryadderstructural.sv Line: 6
Info (12128): Elaborating entity "FAbehavSV" for hierarchy "AU8:AU8_inst|RippleCarryAdderStructural:Adder|FAbehavSV:s0" File: D:/digitallogic/TermProject/ripplecarryadderstructural.sv Line: 15
Info (12128): Elaborating entity "binary2seven" for hierarchy "AU8:AU8_inst|binary2seven:dec0" File: D:/digitallogic/TermProject/au8.sv Line: 62
Info (12128): Elaborating entity "OU" for hierarchy "OU:OU_inst" File: D:/digitallogic/TermProject/TermProject.sv Line: 65
Info (12128): Elaborating entity "TwoSign" for hierarchy "OU:OU_inst|TwoSign:TwoSign_inst" File: D:/digitallogic/TermProject/ou.sv Line: 15
Info (12128): Elaborating entity "binary2bcd" for hierarchy "OU:OU_inst|binary2bcd:binary2bcd_inst" File: D:/digitallogic/TermProject/ou.sv Line: 22
Info (12128): Elaborating entity "add3" for hierarchy "OU:OU_inst|binary2bcd:binary2bcd_inst|add3:m1" File: D:/digitallogic/TermProject/binary2bcd.sv Line: 20
Info (12128): Elaborating entity "bcd2seven" for hierarchy "OU:OU_inst|bcd2seven:display_ones" File: D:/digitallogic/TermProject/ou.sv Line: 27
Warning (19016): Clock multiplexers are found and protected
    Warning (19017): Found clock multiplexer IU:IU_inst|keypad_input:keypad_input|keypad_base:keypad_base|keypad_decoder:keypad_key_decoder|WideOr4~0 File: D:/digitallogic/TermProject/keypad_decoder.sv Line: 12
Info (278001): Inferred 1 megafunctions from design logic
    Info (278003): Inferred multiplier megafunction ("lpm_mult") from the following logic: "IU:IU_inst|BCD2BinarySM:BCD2BinarySM|Mult0" File: D:/digitallogic/TermProject/bcd2binarysm.sv Line: 6
Info (12130): Elaborated megafunction instantiation "IU:IU_inst|BCD2BinarySM:BCD2BinarySM|lpm_mult:Mult0" File: D:/digitallogic/TermProject/bcd2binarysm.sv Line: 6
Info (12133): Instantiated megafunction "IU:IU_inst|BCD2BinarySM:BCD2BinarySM|lpm_mult:Mult0" with the following parameter: File: D:/digitallogic/TermProject/bcd2binarysm.sv Line: 6
    Info (12134): Parameter "LPM_WIDTHA" = "4"
    Info (12134): Parameter "LPM_WIDTHB" = "7"
    Info (12134): Parameter "LPM_WIDTHP" = "11"
    Info (12134): Parameter "LPM_WIDTHR" = "11"
    Info (12134): Parameter "LPM_WIDTHS" = "1"
    Info (12134): Parameter "LPM_REPRESENTATION" = "UNSIGNED"
    Info (12134): Parameter "INPUT_A_IS_CONSTANT" = "NO"
    Info (12134): Parameter "INPUT_B_IS_CONSTANT" = "YES"
    Info (12134): Parameter "MAXIMIZE_SPEED" = "5"
Info (12131): Elaborated megafunction instantiation "IU:IU_inst|BCD2BinarySM:BCD2BinarySM|lpm_mult:Mult0|multcore:mult_core", which is child of megafunction instantiation "IU:IU_inst|BCD2BinarySM:BCD2BinarySM|lpm_mult:Mult0" File: c:/altera_lite/25.1std/quartus/libraries/megafunctions/lpm_mult.tdf Line: 309
Info (12131): Elaborated megafunction instantiation "IU:IU_inst|BCD2BinarySM:BCD2BinarySM|lpm_mult:Mult0|multcore:mult_core|mpar_add:padder", which is child of megafunction instantiation "IU:IU_inst|BCD2BinarySM:BCD2BinarySM|lpm_mult:Mult0" File: c:/altera_lite/25.1std/quartus/libraries/megafunctions/multcore.tdf Line: 229
Info (12131): Elaborated megafunction instantiation "IU:IU_inst|BCD2BinarySM:BCD2BinarySM|lpm_mult:Mult0|altshift:external_latency_ffs", which is child of megafunction instantiation "IU:IU_inst|BCD2BinarySM:BCD2BinarySM|lpm_mult:Mult0" File: c:/altera_lite/25.1std/quartus/libraries/megafunctions/lpm_mult.tdf Line: 352
Warning (12241): 5 hierarchies have connectivity warnings - see the Connectivity Checks report folder
Warning (13004): Presettable and clearable registers converted to equivalent circuits with latches. Registers power-up to an undefined state, and DEVCLRn places the registers in an undefined state.
    Warning (13310): Register "CU:CU_inst|state.S6" is converted into an equivalent circuit using register "CU:CU_inst|state.S6~_emulated" and latch "CU:CU_inst|state.S6~1" File: D:/digitallogic/TermProject/cu.sv Line: 10
    Warning (13310): Register "CU:CU_inst|state.000" is converted into an equivalent circuit using register "CU:CU_inst|state.000~_emulated" and latch "CU:CU_inst|state.000~1" File: D:/digitallogic/TermProject/cu.sv Line: 10
    Warning (13310): Register "CU:CU_inst|state.S2" is converted into an equivalent circuit using register "CU:CU_inst|state.S2~_emulated" and latch "CU:CU_inst|state.S2~1" File: D:/digitallogic/TermProject/cu.sv Line: 10
    Warning (13310): Register "CU:CU_inst|state.S5" is converted into an equivalent circuit using register "CU:CU_inst|state.S5~_emulated" and latch "CU:CU_inst|state.S5~1" File: D:/digitallogic/TermProject/cu.sv Line: 10
    Warning (13310): Register "CU:CU_inst|state.S3" is converted into an equivalent circuit using register "CU:CU_inst|state.S3~_emulated" and latch "CU:CU_inst|state.S3~1" File: D:/digitallogic/TermProject/cu.sv Line: 10
    Warning (13310): Register "CU:CU_inst|state.S1" is converted into an equivalent circuit using register "CU:CU_inst|state.S1~_emulated" and latch "CU:CU_inst|state.S1~1" File: D:/digitallogic/TermProject/cu.sv Line: 10
    Warning (13310): Register "CU:CU_inst|state.S4" is converted into an equivalent circuit using register "CU:CU_inst|state.S4~_emulated" and latch "CU:CU_inst|state.S4~1" File: D:/digitallogic/TermProject/cu.sv Line: 10
Warning (13024): Output pins are stuck at VCC or GND
    Warning (13410): Pin "HEX[26]" is stuck at VCC File: D:/digitallogic/TermProject/TermProject.sv Line: 6
    Warning (13410): Pin "HEX[25]" is stuck at VCC File: D:/digitallogic/TermProject/TermProject.sv Line: 6
    Warning (13410): Pin "HEX[24]" is stuck at VCC File: D:/digitallogic/TermProject/TermProject.sv Line: 6
    Warning (13410): Pin "HEX[23]" is stuck at VCC File: D:/digitallogic/TermProject/TermProject.sv Line: 6
    Warning (13410): Pin "HEX[22]" is stuck at VCC File: D:/digitallogic/TermProject/TermProject.sv Line: 6
    Warning (13410): Pin "HEX[21]" is stuck at VCC File: D:/digitallogic/TermProject/TermProject.sv Line: 6
    Warning (13410): Pin "HEX[20]" is stuck at VCC File: D:/digitallogic/TermProject/TermProject.sv Line: 6
    Warning (13410): Pin "HEX[16]" is stuck at GND File: D:/digitallogic/TermProject/TermProject.sv Line: 6
    Warning (13410): Pin "HEX[15]" is stuck at GND File: D:/digitallogic/TermProject/TermProject.sv Line: 6
    Warning (13410): Pin "AddSub" is stuck at GND File: D:/digitallogic/TermProject/TermProject.sv Line: 9
Info (286030): Timing-Driven Synthesis is running
Info (17049): 3 registers lost all their fanouts during netlist optimizations.
Info (16010): Generating hard_block partition "hard_block:auto_generated_inst"
    Info (16011): Adding 0 node(s), including 0 DDIO, 0 PLL, 0 transceiver and 0 LCELL
Info (21057): Implemented 380 device resources after synthesis - the final resource count might be different
    Info (21058): Implemented 7 input pins
    Info (21059): Implemented 48 output pins
    Info (21061): Implemented 325 logic cells
Info: Quartus Prime Analysis & Synthesis was successful. 0 errors, 25 warnings
    Info: Peak virtual memory: 4905 megabytes
    Info: Processing ended: Tue Sep 22 20:23:00 2026
    Info: Elapsed time: 00:00:11
    Info: Total CPU time (on all processors): 00:00:24


